{
  "id":"1",
  "on":false
}
{
  "id":"1",
  "brightness":75
}
{
  "id":"2",
  "brightness":50
}
