{
  "id":"1",
  "on":false
}
{
  "id":"1",
  "brightness":50
}
{
  "name":"Hue white lamp 2",
  "id":"3",
  "on":true,
  "brightness":100
}
Deleted light 2
