  {
    "name":"Hue white lamp 1",
    "id":"1",
    "on":true,
    "brightness":254
  }