[
  {
    "name":"Hue color lamp 1",
    "id":"1",
    "on":true,
    "brightness":254
  },
  {
    "name":"Hue white lamp 1",
    "id":"2",
    "on":true,
    "brightness":254
  }
]
