{
  "id":"1",
  "on":true
}
{
  "id":"1",
  "brightness":128
}
